This is pdfTeX, Version 3.141592653-2.6-1.40.29 (TeX Live 2026) (preloaded format=pdflatex 2026.8.26)  26 SEP 2026 01:28
entering extended mode
 restricted \write18 enabled.
 file:line:error style messages enabled.
 %&-line parsing enabled.
**"d:/Python_workplace/Upwork/Upwork_Benchmark/ICLR 2027-Upwork Benchmark- 9.19/iclr2027_conference.tex"
(d:/Python_workplace/Upwork/Upwork_Benchmark/ICLR 2027-Upwork Benchmark- 9.19/iclr2027_conference.tex
LaTeX2e <2025-11-01>
L3 programming layer <2026-01-19>
(d:/Downloads/texlive/texlive/2026/texmf-dist/tex/latex/base/article.cls
Document Class: article 2025/01/22 v1.4n Standard LaTeX document class
(d:/Downloads/texlive/texlive/2026/texmf-dist/tex/latex/base/size10.clo
File: size10.clo 2025/01/22 v1.4n Standard LaTeX file (size option)
)
\c@part=\count275
\c@section=\count276
\c@subsection=\count277
\c@subsubsection=\count278
\c@paragraph=\count279
\c@subparagraph=\count280
\c@figure=\count281
\c@table=\count282
\abovecaptionskip=\skip49
\belowcaptionskip=\skip50
\bibindent=\dimen148
) (./iclr2027_conference.sty (d:/Downloads/texlive/texlive/2026/texmf-dist/tex/latex/eso-pic/eso-pic.sty
Package: eso-pic 2025/12/10 v3.0d eso-pic (RN)
\ESO@tempdima=\dimen149
\ESO@tempdimb=\dimen150
 (d:/Downloads/texlive/texlive/2026/texmf-dist/tex/latex/graphics/keyval.sty
Package: keyval 2022/05/29 v1.15 key=value parser (DPC)
\KV@toks@=\toks17
) (d:/Downloads/texlive/texlive/2026/texmf-dist/tex/latex/xcolor/xcolor.sty
Package: xcolor 2024/09/29 v3.02 LaTeX color extensions (UK)
 (d:/Downloads/texlive/texlive/2026/texmf-dist/tex/latex/graphics-cfg/color.cfg
File: color.cfg 2016/01/02 v1.6 sample color configuration
)
Package xcolor Info: Driver file: pdftex.def on input line 274.
 (d:/Downloads/texlive/texlive/2026/texmf-dist/tex/latex/graphics-def/pdftex.def
File: pdftex.def 2025/09/29 v1.2d Graphics/color driver for pdftex
) (d:/Downloads/texlive/texlive/2026/texmf-dist/tex/latex/graphics/mathcolor.ltx)
Package xcolor Info: Model `cmy' substituted by `cmy0' on input line 1349.
Package xcolor Info: Model `hsb' substituted by `rgb' on input line 1353.
Package xcolor Info: Model `RGB' extended on input line 1365.
Package xcolor Info: Model `HTML' substituted by `rgb' on input line 1367.
Package xcolor Info: Model `Hsb' substituted by `hsb' on input line 1368.
Package xcolor Info: Model `tHsb' substituted by `hsb' on input line 1369.
Package xcolor Info: Model `HSB' substituted by `hsb' on input line 1370.
Package xcolor Info: Model `Gray' substituted by `gray' on input line 1371.
Package xcolor Info: Model `wave' substituted by `hsb' on input line 1372.
)) (./fancyhdr.sty
\fancy@headwidth=\skip51
\f@ncyO@elh=\skip52
\f@ncyO@erh=\skip53
\f@ncyO@olh=\skip54
\f@ncyO@orh=\skip55
\f@ncyO@elf=\skip56
\f@ncyO@erf=\skip57
\f@ncyO@olf=\skip58
\f@ncyO@orf=\skip59
) (./natbib.sty
Package: natbib 2009/07/16 8.31 (PWD, AO)
\bibhang=\skip60
\bibsep=\skip61
LaTeX Info: Redefining \cite on input line 694.
\c@NAT@ctr=\count283
)
\iclrrulerbox=\box53
\iclrrulercount=\count284
\iclrruleroffset=\dimen151
\cv@lineheight=\dimen152
\cv@boxheight=\dimen153
\cv@tmpbox=\box54
\cv@refno=\count285
\cv@tot=\count286
\cv@tmpc@=\count287
\cv@tmpc=\count288
) (d:/Downloads/texlive/texlive/2026/texmf-dist/tex/latex/psnfss/times.sty
Package: times 2020/03/25 PSNFSS-v9.3 (SPQR) 
) (./math_commands.tex (d:/Downloads/texlive/texlive/2026/texmf-dist/tex/latex/amsmath/amsmath.sty
Package: amsmath 2025/07/09 v2.17z AMS math features
\@mathmargin=\skip62

For additional information on amsmath, use the `?' option.
(d:/Downloads/texlive/texlive/2026/texmf-dist/tex/latex/amsmath/amstext.sty
Package: amstext 2024/11/17 v2.01 AMS text
 (d:/Downloads/texlive/texlive/2026/texmf-dist/tex/latex/amsmath/amsgen.sty
File: amsgen.sty 1999/11/30 v2.0 generic functions
\@emptytoks=\toks18
\ex@=\dimen154
)) (d:/Downloads/texlive/texlive/2026/texmf-dist/tex/latex/amsmath/amsbsy.sty
Package: amsbsy 1999/11/29 v1.2d Bold Symbols
\pmbraise@=\dimen155
) (d:/Downloads/texlive/texlive/2026/texmf-dist/tex/latex/amsmath/amsopn.sty
Package: amsopn 2022/04/08 v2.04 operator names
)
\inf@bad=\count289
LaTeX Info: Redefining \frac on input line 233.
\uproot@=\count290
\leftroot@=\count291
LaTeX Info: Redefining \overline on input line 398.
LaTeX Info: Redefining \colon on input line 409.
\classnum@=\count292
\DOTSCASE@=\count293
LaTeX Info: Redefining \ldots on input line 495.
LaTeX Info: Redefining \dots on input line 498.
LaTeX Info: Redefining \cdots on input line 619.
\Mathstrutbox@=\box55
\strutbox@=\box56
LaTeX Info: Redefining \big on input line 721.
LaTeX Info: Redefining \Big on input line 722.
LaTeX Info: Redefining \bigg on input line 723.
LaTeX Info: Redefining \Bigg on input line 724.
\big@size=\dimen156
LaTeX Font Info:    Redeclaring font encoding OML on input line 742.
LaTeX Font Info:    Redeclaring font encoding OMS on input line 743.
\macc@depth=\count294
LaTeX Info: Redefining \bmod on input line 904.
LaTeX Info: Redefining \pmod on input line 909.
LaTeX Info: Redefining \smash on input line 939.
LaTeX Info: Redefining \relbar on input line 969.
LaTeX Info: Redefining \Relbar on input line 970.
\c@MaxMatrixCols=\count295
\dotsspace@=\muskip17
\c@parentequation=\count296
\dspbrk@lvl=\count297
\tag@help=\toks19
\row@=\count298
\column@=\count299
\maxfields@=\count300
\andhelp@=\toks20
\eqnshift@=\dimen157
\alignsep@=\dimen158
\tagshift@=\dimen159
\tagwidth@=\dimen160
\totwidth@=\dimen161
\lineht@=\dimen162
\@envbody=\toks21
\multlinegap=\skip63
\multlinetaggap=\skip64
\mathdisplay@stack=\toks22
LaTeX Info: Redefining \[ on input line 2950.
LaTeX Info: Redefining \] on input line 2951.
) (d:/Downloads/texlive/texlive/2026/texmf-dist/tex/latex/amsfonts/amsfonts.sty
Package: amsfonts 2013/01/14 v3.01 Basic AMSFonts support
\symAMSa=\mathgroup4
\symAMSb=\mathgroup5
LaTeX Font Info:    Redeclaring math symbol \hbar on input line 98.
LaTeX Font Info:    Overwriting math alphabet `\mathfrak' in version `bold'
(Font)                  U/euf/m/n --> U/euf/b/n on input line 106.
) (d:/Downloads/texlive/texlive/2026/texmf-dist/tex/latex/tools/bm.sty
Package: bm 2025/10/21 v1.2g Bold Symbol Support (DPC/FMi)
\symboldoperators=\mathgroup6
\symboldletters=\mathgroup7
\symboldsymbols=\mathgroup8
Package bm Info: No bold for \OMX/cmex/m/n, using \pmb.
Package bm Info: No bold for \U/msa/m/n, using \pmb.
Package bm Info: No bold for \U/msb/m/n, using \pmb.
LaTeX Font Info:    Redeclaring math alphabet \mathbf on input line 149.
)
LaTeX Font Info:    Overwriting math alphabet `\mathsfit' in version `bold'
(Font)                  OT1/phv/m/sl --> OT1/phv/bx/n on input line 314.
) (d:/Downloads/texlive/texlive/2026/texmf-dist/tex/latex/hyperref/hyperref.sty
Package: hyperref 2026-01-29 v7.01p Hypertext links for LaTeX
 (d:/Downloads/texlive/texlive/2026/texmf-dist/tex/generic/iftex/iftex.sty
Package: iftex 2024/12/12 v1.0g TeX engine tests
) (d:/Downloads/texlive/texlive/2026/texmf-dist/tex/latex/kvsetkeys/kvsetkeys.sty
Package: kvsetkeys 2022-10-05 v1.19 Key value parser (HO)
) (d:/Downloads/texlive/texlive/2026/texmf-dist/tex/generic/kvdefinekeys/kvdefinekeys.sty
Package: kvdefinekeys 2019-12-19 v1.6 Define keys (HO)
) (d:/Downloads/texlive/texlive/2026/texmf-dist/tex/generic/pdfescape/pdfescape.sty
Package: pdfescape 2019/12/09 v1.15 Implements pdfTeX's escape features (HO)
 (d:/Downloads/texlive/texlive/2026/texmf-dist/tex/generic/ltxcmds/ltxcmds.sty
Package: ltxcmds 2023-12-04 v1.26 LaTeX kernel commands for general use (HO)
) (d:/Downloads/texlive/texlive/2026/texmf-dist/tex/generic/pdftexcmds/pdftexcmds.sty
Package: pdftexcmds 2020-06-27 v0.33 Utility functions of pdfTeX for LuaTeX (HO)
 (d:/Downloads/texlive/texlive/2026/texmf-dist/tex/generic/infwarerr/infwarerr.sty
Package: infwarerr 2019/12/03 v1.5 Providing info/warning/error messages (HO)
)
Package pdftexcmds Info: \pdf@primitive is available.
Package pdftexcmds Info: \pdf@ifprimitive is available.
Package pdftexcmds Info: \pdfdraftmode found.
)) (d:/Downloads/texlive/texlive/2026/texmf-dist/tex/latex/hycolor/hycolor.sty
Package: hycolor 2020-01-27 v1.10 Color options for hyperref/bookmark (HO)
) (d:/Downloads/texlive/texlive/2026/texmf-dist/tex/latex/hyperref/nameref.sty
Package: nameref 2026-01-29 v2.58 Cross-referencing by name of section
 (d:/Downloads/texlive/texlive/2026/texmf-dist/tex/latex/refcount/refcount.sty
Package: refcount 2019/12/15 v3.6 Data extraction from label references (HO)
) (d:/Downloads/texlive/texlive/2026/texmf-dist/tex/generic/gettitlestring/gettitlestring.sty
Package: gettitlestring 2019/12/15 v1.6 Cleanup title references (HO)
 (d:/Downloads/texlive/texlive/2026/texmf-dist/tex/latex/kvoptions/kvoptions.sty
Package: kvoptions 2022-06-15 v3.15 Key value format for package options (HO)
))
\c@section@level=\count301
) (d:/Downloads/texlive/texlive/2026/texmf-dist/tex/latex/etoolbox/etoolbox.sty
Package: etoolbox 2025/10/02 v2.5m e-TeX tools for LaTeX (JAW)
\etb@tempcnta=\count302
) (d:/Downloads/texlive/texlive/2026/texmf-dist/tex/generic/stringenc/stringenc.sty
Package: stringenc 2019/11/29 v1.12 Convert strings between diff. encodings (HO)
)
\@linkdim=\dimen163
\Hy@linkcounter=\count303
\Hy@pagecounter=\count304
 (d:/Downloads/texlive/texlive/2026/texmf-dist/tex/latex/hyperref/pd1enc.def
File: pd1enc.def 2026-01-29 v7.01p Hyperref: PDFDocEncoding definition (HO)
Now handling font encoding PD1 ...
... no UTF-8 mapping file for font encoding PD1
) (d:/Downloads/texlive/texlive/2026/texmf-dist/tex/generic/intcalc/intcalc.sty
Package: intcalc 2019/12/15 v1.3 Expandable calculations with integers (HO)
)
\Hy@SavedSpaceFactor=\count305
 (d:/Downloads/texlive/texlive/2026/texmf-dist/tex/latex/hyperref/puenc.def
File: puenc.def 2026-01-29 v7.01p Hyperref: PDF Unicode definition (HO)
Now handling font encoding PU ...
... no UTF-8 mapping file for font encoding PU
)
Package hyperref Info: Hyper figures OFF on input line 4201.
Package hyperref Info: Link nesting OFF on input line 4206.
Package hyperref Info: Hyper index ON on input line 4209.
Package hyperref Info: Plain pages OFF on input line 4216.
Package hyperref Info: Backreferencing OFF on input line 4221.
Package hyperref Info: Implicit mode ON; LaTeX internals redefined.
Package hyperref Info: Bookmarks ON on input line 4468.
\c@Hy@tempcnt=\count306
 (d:/Downloads/texlive/texlive/2026/texmf-dist/tex/latex/url/url.sty
\Urlmuskip=\muskip18
Package: url 2013/09/16  ver 3.4  Verb mode for urls, etc.
)
LaTeX Info: Redefining \url on input line 4807.
\XeTeXLinkMargin=\dimen164
 (d:/Downloads/texlive/texlive/2026/texmf-dist/tex/generic/bitset/bitset.sty
Package: bitset 2019/12/09 v1.3 Handle bit-vector datatype (HO)
 (d:/Downloads/texlive/texlive/2026/texmf-dist/tex/generic/bigintcalc/bigintcalc.sty
Package: bigintcalc 2019/12/15 v1.5 Expandable calculations on big integers (HO)
))
\Fld@menulength=\count307
\Field@Width=\dimen165
\Fld@charsize=\dimen166
Package hyperref Info: Hyper figures OFF on input line 6084.
Package hyperref Info: Link nesting OFF on input line 6089.
Package hyperref Info: Hyper index ON on input line 6092.
Package hyperref Info: backreferencing OFF on input line 6099.
Package hyperref Info: Link coloring OFF on input line 6104.
Package hyperref Info: Link coloring with OCG OFF on input line 6109.
Package hyperref Info: PDF/A mode OFF on input line 6114.
\Hy@abspage=\count308
\c@Item=\count309
\c@Hfootnote=\count310
)
Package hyperref Info: Driver (autodetected): hpdftex.
 (d:/Downloads/texlive/texlive/2026/texmf-dist/tex/latex/hyperref/hpdftex.def
File: hpdftex.def 2026-01-29 v7.01p Hyperref driver for pdfTeX
\Fld@listcount=\count311
\c@bookmark@seq@number=\count312
 (d:/Downloads/texlive/texlive/2026/texmf-dist/tex/latex/rerunfilecheck/rerunfilecheck.sty
Package: rerunfilecheck 2025-06-21 v1.11 Rerun checks for auxiliary files (HO)
 (d:/Downloads/texlive/texlive/2026/texmf-dist/tex/generic/uniquecounter/uniquecounter.sty
Package: uniquecounter 2019/12/15 v1.4 Provide unlimited unique counter (HO)
)
Package uniquecounter Info: New unique counter `rerunfilecheck' on input line 284.
)
\Hy@SectionHShift=\skip65
) (d:/Downloads/texlive/texlive/2026/texmf-dist/tex/latex/booktabs/booktabs.sty
Package: booktabs 2020/01/12 v1.61803398 Publication quality tables
\heavyrulewidth=\dimen167
\lightrulewidth=\dimen168
\cmidrulewidth=\dimen169
\belowrulesep=\dimen170
\belowbottomsep=\dimen171
\aboverulesep=\dimen172
\abovetopsep=\dimen173
\cmidrulesep=\dimen174
\cmidrulekern=\dimen175
\defaultaddspace=\dimen176
\@cmidla=\count313
\@cmidlb=\count314
\@aboverulesep=\dimen177
\@belowrulesep=\dimen178
\@thisruleclass=\count315
\@lastruleclass=\count316
\@thisrulewidth=\dimen179
) (d:/Downloads/texlive/texlive/2026/texmf-dist/tex/latex/multirow/multirow.sty
Package: multirow 2024/11/12 v2.9 Span multiple rows of a table
\multirow@colwidth=\skip66
\multirow@cntb=\count317
\multirow@dima=\skip67
\bigstrutjot=\dimen180
) (d:/Downloads/texlive/texlive/2026/texmf-dist/tex/latex/graphics/graphicx.sty
Package: graphicx 2024/12/31 v1.2e Enhanced LaTeX Graphics (DPC,SPQR)
 (d:/Downloads/texlive/texlive/2026/texmf-dist/tex/latex/graphics/graphics.sty
Package: graphics 2024/08/06 v1.4g Standard LaTeX Graphics (DPC,SPQR)
 (d:/Downloads/texlive/texlive/2026/texmf-dist/tex/latex/graphics/trig.sty
Package: trig 2023/12/02 v1.11 sin cos tan (DPC)
) (d:/Downloads/texlive/texlive/2026/texmf-dist/tex/latex/graphics-cfg/graphics.cfg
File: graphics.cfg 2016/06/04 v1.11 sample graphics configuration
)
Package graphics Info: Driver file: pdftex.def on input line 106.
)
\Gin@req@height=\dimen181
\Gin@req@width=\dimen182
)
LaTeX Font Info:    Trying to load font information for OT1+ptm on input line 31.
 (d:/Downloads/texlive/texlive/2026/texmf-dist/tex/latex/psnfss/ot1ptm.fd
File: ot1ptm.fd 2001/06/04 font definitions for OT1/ptm.
) (d:/Downloads/texlive/texlive/2026/texmf-dist/tex/latex/l3backend/l3backend-pdftex.def
File: l3backend-pdftex.def 2025-10-09 L3 backend support: PDF output (pdfTeX)
\l__color_backend_stack_int=\count318
) (./iclr2027_conference.aux)
\openout1 = `iclr2027_conference.aux'.

LaTeX Font Info:    Checking defaults for OML/cmm/m/it on input line 31.
LaTeX Font Info:    ... okay on input line 31.
LaTeX Font Info:    Checking defaults for OMS/cmsy/m/n on input line 31.
LaTeX Font Info:    ... okay on input line 31.
LaTeX Font Info:    Checking defaults for OT1/cmr/m/n on input line 31.
LaTeX Font Info:    ... okay on input line 31.
LaTeX Font Info:    Checking defaults for T1/cmr/m/n on input line 31.
LaTeX Font Info:    ... okay on input line 31.
LaTeX Font Info:    Checking defaults for TS1/cmr/m/n on input line 31.
LaTeX Font Info:    ... okay on input line 31.
LaTeX Font Info:    Checking defaults for OMX/cmex/m/n on input line 31.
LaTeX Font Info:    ... okay on input line 31.
LaTeX Font Info:    Checking defaults for U/cmr/m/n on input line 31.
LaTeX Font Info:    ... okay on input line 31.
LaTeX Font Info:    Checking defaults for PD1/pdf/m/n on input line 31.
LaTeX Font Info:    ... okay on input line 31.
LaTeX Font Info:    Checking defaults for PU/pdf/m/n on input line 31.
LaTeX Font Info:    ... okay on input line 31.
 (d:/Downloads/texlive/texlive/2026/texmf-dist/tex/context/base/mkii/supp-pdf.mkii
[Loading MPS to PDF converter (version 2006.09.02).]
\scratchcounter=\count319
\scratchdimen=\dimen183
\scratchbox=\box57
\nofMPsegments=\count320
\nofMParguments=\count321
\everyMPshowfont=\toks23
\MPscratchCnt=\count322
\MPscratchDim=\dimen184
\MPnumerator=\count323
\makeMPintoPDFobject=\count324
\everyMPtoPDFconversion=\toks24
) (d:/Downloads/texlive/texlive/2026/texmf-dist/tex/latex/epstopdf-pkg/epstopdf-base.sty
Package: epstopdf-base 2020-01-24 v2.11 Base part for package epstopdf
Package epstopdf-base Info: Redefining graphics rule for `.eps' on input line 485.
 (d:/Downloads/texlive/texlive/2026/texmf-dist/tex/latex/latexconfig/epstopdf-sys.cfg
File: epstopdf-sys.cfg 2010/07/13 v1.3 Configuration of (r)epstopdf for TeX Live
))
Package hyperref Info: Link coloring OFF on input line 31.
 (./iclr2027_conference.out) (./iclr2027_conference.out)
\@outlinefile=\write3
\openout3 = `iclr2027_conference.out'.

LaTeX Font Info:    Trying to load font information for U+msa on input line 34.
 (d:/Downloads/texlive/texlive/2026/texmf-dist/tex/latex/amsfonts/umsa.fd
File: umsa.fd 2013/01/14 v3.01 AMS symbols A
)
LaTeX Font Info:    Trying to load font information for U+msb on input line 34.
 (d:/Downloads/texlive/texlive/2026/texmf-dist/tex/latex/amsfonts/umsb.fd
File: umsb.fd 2013/01/14 v3.01 AMS symbols B
) [1{d:/Downloads/texlive/texlive/2026/texmf-var/fonts/map/pdftex/updmap/pdftex.map}{d:/Downloads/texlive/texlive/2026/texmf-dist/fonts/enc/dvips/base/8r.enc}

]
LaTeX Font Info:    Trying to load font information for TS1+ptm on input line 59.
 (d:/Downloads/texlive/texlive/2026/texmf-dist/tex/latex/psnfss/ts1ptm.fd
File: ts1ptm.fd 2001/06/04 font definitions for TS1/ptm.
)
LaTeX Font Info:    Trying to load font information for OT1+pcr on input line 77.
 (d:/Downloads/texlive/texlive/2026/texmf-dist/tex/latex/psnfss/ot1pcr.fd
File: ot1pcr.fd 2001/06/04 font definitions for OT1/pcr.
) [2] [3]
Underfull \hbox (badness 6078) in paragraph at lines 344--344
[]\OT1/ptm/m/n/9 Select af-fected his-tor-i-cal
 []


Underfull \hbox (badness 1365) in paragraph at lines 345--345
[]$\OML/cmm/m/it/9 R[]$ \OT1/ptm/m/n/9 and sup-port-ing ev-i-dence
 []


Underfull \hbox (badness 10000) in paragraph at lines 354--354
[]\OT1/ptm/m/n/9 Update re-quire-ments or
 []


Underfull \hbox (badness 5681) in paragraph at lines 360--360
[]\OT1/ptm/m/n/9 Implement the re-quested
 []


Underfull \hbox (badness 10000) in paragraph at lines 361--361
[]\OT1/ptm/m/n/9 Final repos-i-tory pass-ing the
 []

[4] [5]
Underfull \hbox (badness 10000) in paragraph at lines 447--448
[]\OT1/ptm/m/n/9 210 tasks; 39
 []


Underfull \vbox (badness 10000) has occurred while \output is active []

 [6]
Underfull \hbox (badness 10000) in paragraph at lines 486--488
\OT1/ptm/m/n/10 A frozen non-\OT1/pcr/m/n/10 ACT \OT1/ptm/m/n/10 or un-parsable Phase-A re-sponse on an el-i-gi-ble tar-get yields
 []


Underfull \hbox (badness 2698) in paragraph at lines 486--488
\OT1/pcr/m/n/10 NO[]CODE[]SUBMISSION\OT1/ptm/m/n/10 /\OT1/pcr/m/n/10 FAIL\OT1/ptm/m/n/10 ; eval-u-a-tor, en-vi-ron-ment, or har-ness fail-ures in-stead in-val-i-
 []

[7]
Underfull \hbox (badness 10000) in paragraph at lines 499--499
[]\OT1/ptm/m/n/9 Attribute Re-con-struc-tion; Matched
 []


Underfull \hbox (badness 1558) in paragraph at lines 500--501
[]\OT1/ptm/m/n/9 Separate Gold-ACT and Gold-CLARIFY
 []


Underfull \vbox (badness 3029) has occurred while \output is active []

 [8]
Underfull \hbox (badness 3219) in paragraph at lines 609--611
 []\OT1/ptm/b/n/10 Requirement-evolution fail-ure modes.[] \OT1/ptm/m/n/10 The anal-y-sis will cover \OT1/pcr/m/n/10 INTRODUCE\OT1/ptm/m/n/10 , \OT1/pcr/m/n/10 MODIFY\OT1/ptm/m/n/10 ,
 []

[9] [10] (./iclr2027_conference.bbl [11]
Underfull \hbox (badness 1019) in paragraph at lines 30--35
[]\OT1/ptm/m/n/10 Yangruibo Ding, Zi-jian Wang, Wasi Ud-din Ah-mad, Han-tian Ding, Ming Tan, Ni-hal Jain,
 []


Underfull \hbox (badness 6094) in paragraph at lines 30--35
\OT1/ptm/m/n/10 Mu-rali Kr-ishna Ra-manathan, Ramesh Nal-la-p-ati, Par-min-der Bha-tia, Dan Roth, and
 []


Underfull \hbox (badness 3579) in paragraph at lines 30--35
\OT1/ptm/m/n/10 Bing Xi-ang.  Cross-CodeE-val: A di-verse and mul-ti-lin-gual bench-mark for cross-file
 []


Underfull \hbox (badness 2384) in paragraph at lines 30--35
\OT1/ptm/m/n/10 code com-ple-tion.  In \OT1/ptm/m/it/10 Ad-vances in Neu-ral In-for-ma-tion Pro-cess-ing Sys-tems (NeurIPS),
 []


Underfull \hbox (badness 4981) in paragraph at lines 30--35
\OT1/ptm/m/it/10 Datasets and Bench-marks Track\OT1/ptm/m/n/10 , vol-ume 36, 2023.  doi: $10 . 52202 / 075280-[]2023$.
 []


Underfull \hbox (badness 10000) in paragraph at lines 30--35
\OT1/ptm/m/n/10 URL []$\OT1/pcr/m/n/10 https : / / proceedings . neurips . cc / paper _ files / paper / 2023 /
 []


Underfull \hbox (badness 10000) in paragraph at lines 30--35
\OT1/pcr/m/n/10 hash / 920f2dced7d32ab2ba2f1970bc306af6-[]Abstract-[]Datasets _ and _
 []


Underfull \hbox (badness 7667) in paragraph at lines 37--41
[]\OT1/ptm/m/n/10 Hojae Han, Seung-won Hwang, Ra-jhans Sam-dani, and Yux-iong He.  Con-vCode-
 []


Underfull \hbox (badness 4229) in paragraph at lines 37--41
\OT1/ptm/m/n/10 World: Bench-mark-ing con-ver-sa-tional code gen-er-a-tion in re-pro-ducible feed-back en-vi-
 []


Underfull \hbox (badness 4832) in paragraph at lines 37--41
\OT1/ptm/m/n/10 ron-ments.  In \OT1/ptm/m/it/10 In-ter-na-tional Con-fer-ence on Learn-ing Rep-re-sen-ta-tions (ICLR)\OT1/ptm/m/n/10 , 2025.
 []


Underfull \hbox (badness 10000) in paragraph at lines 37--41
\OT1/ptm/m/n/10 URL []$\OT1/pcr/m/n/10 https : / / proceedings . iclr . cc / paper _ files / paper / 2025 / hash /
 []


Underfull \hbox (badness 2409) in paragraph at lines 56--60
[]\OT1/ptm/m/n/10 Carlos E. Jimenez, John Yang, Alexan-der Wet-tig, Shunyu Yao, Kexin Pei, Ofir Press,
 []


Underfull \hbox (badness 6477) in paragraph at lines 56--60
\OT1/ptm/m/n/10 and Karthik Narasimhan.  SWE-bench: Can lan-guage mod-els re-solve real-world
 []


Underfull \hbox (badness 3354) in paragraph at lines 56--60
\OT1/ptm/m/n/10 GitHub is-sues?  In \OT1/ptm/m/it/10 In-ter-na-tional Con-fer-ence on Learn-ing Rep-re-sen-ta-tions (ICLR)\OT1/ptm/m/n/10 ,
 []

[12]
Underfull \hbox (badness 10000) in paragraph at lines 120--124
[]\OT1/ptm/m/n/10 Di Wu, Hong-wei Wang, Wen-hao Yu, Yuwei Zhang, Kai-Wei Chang, and Dong
 []


Underfull \hbox (badness 4819) in paragraph at lines 120--124
\OT1/ptm/m/n/10 Yu.  Long-MemEval: Bench-mark-ing chat as-sis-tants on long-term in-ter-ac-tive mem-
 []


Underfull \hbox (badness 2237) in paragraph at lines 120--124
\OT1/ptm/m/n/10 ory.  In \OT1/ptm/m/it/10 In-ter-na-tional Con-fer-ence on Learn-ing Rep-re-sen-ta-tions (ICLR)\OT1/ptm/m/n/10 , 2025.  URL
 []


Underfull \hbox (badness 10000) in paragraph at lines 120--124
[]$\OT1/pcr/m/n/10 https : / / proceedings . iclr . cc / paper _ files / paper / 2025 / hash /
 []

)
Underfull \hbox (badness 1552) in paragraph at lines 712--713
[]\OT1/ptm/m/n/10 expanded RQ1--RQ4 def-i-ni-tions and ex-am-ples, com-plete prompts, pub-lic re-sponse
 []

[13] [14] (./iclr2027_conference.aux)
 ***********
LaTeX2e <2025-11-01>
L3 programming layer <2026-01-19>
 ***********
Package rerunfilecheck Info: File `iclr2027_conference.out' has not changed.
(rerunfilecheck)             Checksum: 1DE10A7F3E0C8CF1C44B91961194BA24;3566.
 ) 
Here is how much of TeX's memory you used:
 11393 strings out of 467525
 169650 string characters out of 5413723
 612252 words of memory out of 5000000
 40006 multiletter control sequences out of 15000+600000
 661518 words of font info for 108 fonts, out of 8000000 for 9000
 1141 hyphenation exceptions out of 8191
 75i,13n,90p,1750b,579s stack positions out of 10000i,1000n,20000p,200000b,200000s
<d:/Downloads/texlive/texlive/2026/texmf-dist/fonts/type1/public/amsfonts/cm/cmex10.pfb><d:/Downloads/texlive/texlive/2026/texmf-dist/fonts/type1/public/amsfonts/cm/cmmi10.pfb><d:/Downloads/texlive/texlive/2026/texmf-dist/fonts/type1/public/amsfonts/cm/cmmi5.pfb><d:/Downloads/texlive/texlive/2026/texmf-dist/fonts/type1/public/amsfonts/cm/cmmi6.pfb><d:/Downloads/texlive/texlive/2026/texmf-dist/fonts/type1/public/amsfonts/cm/cmmi7.pfb><d:/Downloads/texlive/texlive/2026/texmf-dist/fonts/type1/public/amsfonts/cm/cmmi9.pfb><d:/Downloads/texlive/texlive/2026/texmf-dist/fonts/type1/public/amsfonts/cm/cmr10.pfb><d:/Downloads/texlive/texlive/2026/texmf-dist/fonts/type1/public/amsfonts/cm/cmr5.pfb><d:/Downloads/texlive/texlive/2026/texmf-dist/fonts/type1/public/amsfonts/cm/cmr6.pfb><d:/Downloads/texlive/texlive/2026/texmf-dist/fonts/type1/public/amsfonts/cm/cmr7.pfb><d:/Downloads/texlive/texlive/2026/texmf-dist/fonts/type1/public/amsfonts/cm/cmsy10.pfb><d:/Downloads/texlive/texlive/2026/texmf-dist/fonts/type1/public/amsfonts/cm/cmsy5.pfb><d:/Downloads/texlive/texlive/2026/texmf-dist/fonts/type1/public/amsfonts/cm/cmsy6.pfb><d:/Downloads/texlive/texlive/2026/texmf-dist/fonts/type1/public/amsfonts/cm/cmsy7.pfb><d:/Downloads/texlive/texlive/2026/texmf-dist/fonts/type1/public/amsfonts/cm/cmsy9.pfb><d:/Downloads/texlive/texlive/2026/texmf-dist/fonts/type1/urw/courier/ucrr8a.pfb><d:/Downloads/texlive/texlive/2026/texmf-dist/fonts/type1/urw/helvetic/uhvb8a.pfb><d:/Downloads/texlive/texlive/2026/texmf-dist/fonts/type1/urw/times/utmb8a.pfb><d:/Downloads/texlive/texlive/2026/texmf-dist/fonts/type1/urw/times/utmr8a.pfb><d:/Downloads/texlive/texlive/2026/texmf-dist/fonts/type1/urw/times/utmri8a.pfb>
Output written on iclr2027_conference.pdf (14 pages, 288621 bytes).
PDF statistics:
 447 PDF objects out of 1000 (max. 8388607)
 387 compressed objects within 4 object streams
 115 named destinations out of 1000 (max. 500000)
 145 words of extra memory for PDF output out of 10000 (max. 10000000)

